alias: Sequence (2m 10s)
mode: single
sequence:
- service: switch.turn_on
  target:
    entity_id: switch.light1
- delay: 0:01:00
- service: switch.turn_on
  target:
    entity_id: switch.light2
- delay: 0:00:05
- service: switch.turn_off
  target:
    entity_id: switch.light1
- delay: 0:01:00
- service: switch.turn_on
  target:
    entity_id: switch.light3
- delay: 0:00:05
- service: switch.turn_off
  target:
    entity_id: switch.light2
- delay: 0:00:00
- service: switch.turn_off
  target:
    entity_id: switch.light3
